// Jest Snapshot v1, https://goo.gl/fbAQLP

exports[`ðŸ“¸ of Input component with empty 1`] = `
<div
  className="mb-6"
>
  <h3
    className="text-xl font-semibold"
  >
    <a
      className="text-primary"
      href="/@dataset/qw"
      onClick={[Function]}
      onMouseEnter={[Function]}
    >
      12
    </a>
  </h3>
  <a
    className="text-gray-500 block mt-1"
    href="/@dataset"
    onClick={[Function]}
    onMouseEnter={[Function]}
  >
    dataset
  </a>
  <div
    className="leading-relaxed mt-2"
  />
</div>
`;
